n/carsgraz_386.jpg
n/carsgraz_385.jpg
n/carsgraz_384.jpg
n/carsgraz_383.jpg
n/carsgraz_382.jpg
n/carsgraz_378.jpg
n/carsgraz_377.jpg
n/carsgraz_376.jpg
n/carsgraz_375.jpg
n/carsgraz_374.jpg
n/carsgraz_309.jpg
n/carsgraz_297.jpg
n/carsgraz_296.jpg
n/carsgraz_295.jpg
n/carsgraz_294.jpg
n/carsgraz_293.jpg
n/carsgraz_292.jpg
n/carsgraz_291.jpg
n/carsgraz_290.jpg
n/carsgraz_289.jpg
n/carsgraz_262.jpg
n/carsgraz_261.jpg
n/carsgraz_260.jpg
n/carsgraz_259.jpg
n/carsgraz_258.jpg
n/carsgraz_257.jpg
n/carsgraz_256.jpg
n/carsgraz_255.jpg
n/carsgraz_254.jpg
n/carsgraz_253.jpg
n/carsgraz_252.jpg
n/carsgraz_251.jpg
n/carsgraz_250.jpg
n/carsgraz_249.jpg
n/carsgraz_248.jpg
n/carsgraz_247.jpg
n/carsgraz_246.jpg
n/carsgraz_245.jpg
n/carsgraz_244.jpg
n/carsgraz_243.jpg
n/carsgraz_242.jpg
n/carsgraz_241.jpg
n/carsgraz_240.jpg
n/carsgraz_239.jpg
n/carsgraz_238.jpg
n/carsgraz_237.jpg
n/carsgraz_236.jpg
n/carsgraz_235.jpg
n/carsgraz_151.jpg
n/carsgraz_150.jpg
n/carsgraz_149.jpg
n/carsgraz_148.jpg
n/carsgraz_147.jpg
n/carsgraz_146.jpg
n/carsgraz_110.jpg
n/carsgraz_109.jpg
n/carsgraz_108.jpg
n/carsgraz_107.jpg
n/carsgraz_106.jpg
n/carsgraz_105.jpg
n/carsgraz_104.jpg
n/carsgraz_103.jpg
n/carsgraz_102.jpg
n/carsgraz_101.jpg
n/carsgraz_071.jpg
n/carsgraz_070.jpg
n/carsgraz_069.jpg
n/carsgraz_068.jpg
n/carsgraz_067.jpg
n/carsgraz_066.jpg
n/carsgraz_065.jpg
n/carsgraz_064.jpg
n/carsgraz_063.jpg
n/carsgraz_062.jpg
n/carsgraz_061.jpg
n/carsgraz_060.jpg
n/carsgraz_059.jpg
n/carsgraz_058.jpg
n/carsgraz_057.jpg
n/bike_344.jpg
n/bike_343.jpg
n/bike_342.jpg
n/bike_341.jpg
n/bike_340.jpg
n/bike_339.jpg
n/bike_338.jpg
n/bike_337.jpg
n/bike_336.jpg
n/bike_335.jpg
n/bike_334.jpg
n/bike_333.jpg
n/bike_332.jpg
n/bike_331.jpg
n/bike_330.jpg
n/bike_329.jpg
n/bike_328.jpg
n/bike_327.jpg
n/bike_326.jpg
n/bike_325.jpg
n/bike_324.jpg